PASS: 13 PNGs, all run/array contracts, JSON parsing, and every committed evidence file < 5 MB
artifacts/ad/checks.json
artifacts/ad/derivatives.json
artifacts/ad/grad-graph.png
artifacts/ad/graph.png
artifacts/ad/modes.png
artifacts/ad/scaling.png
artifacts/ad/verification.log
artifacts/adjoint/checks.json
artifacts/adjoint/image.png
artifacts/adjoint/result.json
artifacts/adjoint/run.json
artifacts/adjoint/wavefield.png
artifacts/born/result.json
artifacts/born/run.json
artifacts/checkpoint-1/actions-0.json
artifacts/checkpoint-1/actions-1.json
artifacts/checkpoint-1/actions-2.json
artifacts/checkpoint-1/result.json
artifacts/checkpoint-1/run.json
artifacts/checkpoint-10/actions-0.json
artifacts/checkpoint-10/actions-1.json
artifacts/checkpoint-10/actions-2.json
artifacts/checkpoint-10/result.json
artifacts/checkpoint-10/run.json
artifacts/checkpoint-3/actions-0.json
artifacts/checkpoint-3/actions-1.json
artifacts/checkpoint-3/actions-2.json
artifacts/checkpoint-3/result.json
artifacts/checkpoint-3/run.json
artifacts/checkpoint-5/actions-0.json
artifacts/checkpoint-5/actions-1.json
artifacts/checkpoint-5/actions-2.json
artifacts/checkpoint-5/result.json
artifacts/checkpoint-5/run.json
artifacts/checkpoint-actions.png
artifacts/checkpoint-checks.json
artifacts/checkpoint-verification.log
artifacts/checkpoint-work.png
artifacts/forward/checks.json
artifacts/forward/echo.png
artifacts/forward/gathers.png
artifacts/forward/result.json
artifacts/forward/run.json
artifacts/forward/wavefield.png
artifacts/inputs.png
artifacts/inventory-check.log
artifacts/marmousi-born/result.json
artifacts/marmousi-born/run.json
artifacts/marmousi-checks.json
artifacts/marmousi-image/actions-0.json
artifacts/marmousi-image/actions-1.json
artifacts/marmousi-image/actions-2.json
artifacts/marmousi-image/actions-3.json
artifacts/marmousi-image/actions-4.json
artifacts/marmousi-image/actions-5.json
artifacts/marmousi-image/actions-6.json
artifacts/marmousi-image/actions-7.json
artifacts/marmousi-image/actions-8.json
artifacts/marmousi-image/result.json
artifacts/marmousi-image/run.json
artifacts/marmousi.png
artifacts/tests/enzyme-negative.log
artifacts/tests/green.log
artifacts/tests/red.log
artifacts/tests/trajectory.log
